// Jest Snapshot v1, https://goo.gl/fbAQLP

exports[`Storage Card Snapshot 1`] = `
<div
  className="slds-section slds-is-open slds-p-horizontal_x-small"
>
  <h3
    className="slds-section__title"
  >
    <button
      aria-controls="__storageId__"
      aria-expanded={true}
      className="slds-button slds-button_neutral slds-section__title-action"
      href={null}
      onClick={[Function]}
      title="__storageId__"
    >
      <svg
        aria-hidden="true"
        className="slds-button__icon slds-button__icon_left"
      >
        <use
          xlinkHref="/dist/slds/icons/utility-sprite/svg/symbols.svg#chevrondown"
        />
      </svg>
      <span
        className="slds-truncate"
      >
        __storageId__
      </span>
    </button>
  </h3>
  <div
    aria-hidden={true}
    className="slds-section__content"
    id="__storageId__"
  >
    <aurainspector-json
      expandTo="2"
    >
      "[]"
    </aurainspector-json>
  </div>
</div>
`;
